Microsoft (R) Macro Assembler Version 6.11d		    10/29/08 16:45:08
8_2.asm							     Page 1 - 1


				; PROGRAM: 8_2.ASM
				;
				; AUTHOR: Calvin O. Ference
				;
				; DESCRIPTION:  Parallel Resistance Calculator Program
				; 
				; 

				        ASSUME	cs:code, ds:data

 0000				code    SEGMENT
 0000				main    PROC   

 0000  B8 ---- R		init:		mov	ax,data
 0003  8E D8					mov	ds,ax
 0005  B8 0000					mov	ax,0
 0008  BB 0000					mov	bx,0
 000B  B9 0000					mov	cx,0
 000E  BA 0000					mov	dx,0
 0011  C6 06 000C R 00				mov	eflag,0		;resetting everything 

 0016  81 3E 0000 R 03E8	start:		cmp	R1,03e8h	;1k
 001C  72 47					jb	error
 001E  81 3E 0000 R C350			cmp	R1,0C350h	;50k
 0024  77 3F					ja	error
 0026  81 3E 0002 R 03E8			cmp	R2,03e8h	;1k
 002C  72 37					jb	error
 002E  81 3E 0002 R C350			cmp	R2,0C350h	;50k
 0034  77 2F					ja	error
 0036  A1 0000 R				mov	ax,R1		;rest is the same as lab 7 part 4 except for division part
 0039  8B 1E 0002 R				mov	bx,R2
 003D  F7 E3					mul	bx
 003F  89 16 0004 R				mov	save,dx
 0043  A3 0006 R				mov	save+2,ax
 0046  03 1E 0000 R				add	bx,R1
 004A  83 D1 00					adc	cx,0
 004D  83 F9 01					cmp	cx,1
 0050  73 1A					jae	alt
 0052  A1 0006 R				mov	ax,save+2
 0055  8B 16 0004 R				mov	dx,save
 0059  F7 F3					div	bx
						
 005B  86 C4			shi:		xchg	al,ah
 005D  A3 000A R				mov	rez,ax
 0060  B8 4C00					mov	ax,4c00h
 0063  CD 21					int	21h

 0065  C6 06 000C R FF		error:		mov	eflag,0FFh
 006A  EB EF					jmp	shi

 006C  8B D1			alt:		mov	dx,cx
 006E  8B C3					mov	ax,bx
 0070  BB 0002					mov	bx,2
 0073  F7 F3					div	bx
 0075  8B D8					mov	bx,ax
 0077  A1 0006 R				mov	ax,save+2
 007A  8B 16 0004 R				mov	dx,save
 007E  F7 F3					div	bx
 0080  BB 0002					mov	bx,2
 0083  F7 F3					div	bx
 0085  EB D4					jmp	shi
					
 0087				main	ENDP
 0087				code	ENDS

 0000				data	SEGMENT
 0000 A000			R1	dw	0A000h
 0002 A000			R2	dw	0A000h
 0004 0000 0000 0000		save	dw	0,0,0
 000A 0000			rez	dw	0
 000C 00			eflag	db	0
 000D				data	ENDS

						END
Microsoft (R) Macro Assembler Version 6.11d		    10/29/08 16:45:08
8_2.asm							     Symbols 2 - 1




Segments and Groups:

                N a m e                 Size     Length   Align   Combine Class

code . . . . . . . . . . . . . .	16 Bit	 0087	  Para	  Private 
data . . . . . . . . . . . . . .	16 Bit	 000D	  Para	  Private 


Procedures,  parameters and locals:

                N a m e                 Type     Value    Attr

main . . . . . . . . . . . . . .	P Near	 0000	  code	Length= 0087 Public
  init . . . . . . . . . . . . .	L Near	 0000	  code	
  start  . . . . . . . . . . . .	L Near	 0016	  code	
  shi  . . . . . . . . . . . . .	L Near	 005B	  code	
  error  . . . . . . . . . . . .	L Near	 0065	  code	
  alt  . . . . . . . . . . . . .	L Near	 006C	  code	


Symbols:

                N a m e                 Type     Value    Attr

R1 . . . . . . . . . . . . . . .	Word	 0000	  data	
R2 . . . . . . . . . . . . . . .	Word	 0002	  data	
eflag  . . . . . . . . . . . . .	Byte	 000C	  data	
rez  . . . . . . . . . . . . . .	Word	 000A	  data	
save . . . . . . . . . . . . . .	Word	 0004	  data	

	   0 Warnings
	   0 Errors
