Microsoft (R) Macro Assembler Version 6.11d		    11/11/08 17:10:21
9_3.asm							     Page 1 - 1


				; PROGRAM: 9_3.ASM
				;
				; AUTHOR: Calvin O. Ference
				;
				; DESCRIPTION:  Looping and Indexing Ops
				; 
				; 

				        ASSUME	cs:code, ds:data

 0000				code    SEGMENT
 0000				main    PROC   

 0000				init:	
 0000  B8 ---- R			mov	ax,data
 0003  8E D8				mov	ds,ax
 0005  B8 0000				mov	ax,0
 0008  B9 0000				mov	cx,0
 000B  BA 0000				mov	dx,0
 000E  8D 3E 0000 R			lea	di,mem

 0012  03 05			parta:	add	ax,[di]
 0014  83 D2 00				adc	dx,0
 0017  83 C7 02				add	di,2
 001A  83 FF 27				cmp	di,39
 001D  77 02				ja	partb
 001F  EB F1				jmp	parta

 0021  BB 0014			partb:	mov	bx,20
 0024  F7 F3				div	bx

 0026  86 E0			shi:	xchg	ah,al
 0028  86 F2				xchg	dh,dl
 002A  A3 002A R			mov	rez+2,ax
 002D  89 16 0028 R			mov	rez,dx
 0031  B8 4C00				mov	ax,4c00h
 0034  CD 21				int	21h

 0036				main	ENDP
 0036				code	ENDS

 0000				data	SEGMENT
 0000 0064 03B1 04E2 00A7	mem	dw	100,945,1250,167,888,753,951,459,621,741,963,258,147,852,369,200,365,999,440,350
       0378 02F1 03B7
       01CB 026D 02E5
       03C3 0102 0093
       0354 0171 00C8
       016D 03E7 01B8
       015E
 0028 0000 0000			rez	dw	0,0
 002C				data	ENDS

						END
Microsoft (R) Macro Assembler Version 6.11d		    11/11/08 17:10:21
9_3.asm							     Symbols 2 - 1




Segments and Groups:

                N a m e                 Size     Length   Align   Combine Class

code . . . . . . . . . . . . . .	16 Bit	 0036	  Para	  Private 
data . . . . . . . . . . . . . .	16 Bit	 002C	  Para	  Private 


Procedures,  parameters and locals:

                N a m e                 Type     Value    Attr

main . . . . . . . . . . . . . .	P Near	 0000	  code	Length= 0036 Public
  init . . . . . . . . . . . . .	L Near	 0000	  code	
  parta  . . . . . . . . . . . .	L Near	 0012	  code	
  partb  . . . . . . . . . . . .	L Near	 0021	  code	
  shi  . . . . . . . . . . . . .	L Near	 0026	  code	


Symbols:

                N a m e                 Type     Value    Attr

mem  . . . . . . . . . . . . . .	Word	 0000	  data	
rez  . . . . . . . . . . . . . .	Word	 0028	  data	

	   0 Warnings
	   0 Errors
