Microsoft (R) Macro Assembler Version 6.11d		    10/20/08 17:44:16
6_2b.asm						     Page 1 - 1


				; PROGRAM: 6_1a.ASM
				;
				; AUTHOR: Calvin O. Ference
				;
				; DESCRIPTION:  Multiplication program
				; 
				; 

				        ASSUME	cs:code, ds:data

 0000				code    SEGMENT
 0000				main    PROC    
 0000  B8 ---- R		init:	mov	ax,data
 0003  8E D8					mov	ds,ax
 0005  B9 0000					mov	cx,0
 0008  BA 0000					mov	dx,0
						
 000B  A1 0002 R		start:	mov	ax,vara+2
 000E  8B 1E 0006 R				mov	bx,varb+2
 0012  F7 E3					mul	bx			;marker 1
 0014  A3 000E R				mov	rez+6,ax	;marker 1 LSD & Result 1
 0017  89 16 0016 R				mov	save+6,dx	;marker 1 MSD
 001B  A1 0000 R				mov	ax,vara
 001E  F7 E3					mul	bx			;marker 2
 0020  A3 0014 R				mov	save+4,ax	;marker 2 LSD
 0023  89 16 0012 R				mov	save+2,dx	;marker 2 MSD
 0027  A1 0002 R				mov	ax,vara+2
 002A  8B 1E 0004 R				mov	bx,varb
 002E  F7 E3					mul	bx			;marker 3
 0030  03 06 0016 R				add	ax,save+6	;this makes my Result 2
 0034  83 16 0014 R 00				adc save+4,0	;carry the one!
 0039  A3 000C R				mov	rez+4,ax	;Result 2
 003C  89 16 0016 R				mov	save+6,dx	;marker 3 MSD
 0040  A1 0000 R				mov ax,vara
 0043  F7 E3					mul	bx
 0045  8B 0E 0016 R				mov	cx,save+6
 0049  8A E8					mov	ch,al
 004B  03 0E 0014 R				add	cx,save+4	;this should make my Result 3
 004F  83 16 0012 R 00				adc	save+2,0	;carry the one!
 0054  89 0E 000A R				mov	rez+2,cx	;Result 3 (i think)
 0058  8A CC					mov	cl,ah
 005A  8A EA					mov	ch,dl		;this should compose marker 4 MSD
 005C  BA 0000					mov dx,0
 005F  03 0E 0012 R				add	cx,save+2	;this should make my Result 4
 0063  83 C2 00					add dx,0		;carry the one! (i guess)
 0066  89 0E 0008 R				mov rez,cx
						
 006A  A1 000E R		endian:	mov	ax,rez+6
 006D  8A F8					mov bh,al
 006F  8A DC					mov bl,ah
 0071  89 1E 000E R				mov rez+6,bx
 0075  A1 000C R				mov ax,rez+4
 0078  8A F8					mov bh,al
 007A  8A DC					mov bl,ah
 007C  89 1E 000C R				mov rez+4,bx
 0080  A1 000A R				mov ax,rez+2
 0083  8A F8					mov bh,al
 0085  8A DC					mov bl,ah
 0087  89 1E 000A R				mov rez+2,bx
 008B  A1 0008 R				mov ax,rez
 008E  8A F8					mov bh,al
 0090  8A DC					mov bl,ah
 0092  89 1E 0008 R				mov rez,bx

 0096  B8 4C00			shi:	mov	ax,4c00h
 0099  CD 21					int	21h
 009B				main	ENDP
 009B				code	ENDS
						
						
 0000				data	SEGMENT
 0000 FFFF FFFF			vara	dw	0ffffh,0ffffh
 0004 00FF FFFF			varb	dw	00ffh,0ffffh
 0008 0000 0000 0000 0000	rez		dw	0,0,0,0
 0010 0000 0000 0000 0000	save	dw	0,0,0,0
 0018				data	ENDS

						END
Microsoft (R) Macro Assembler Version 6.11d		    10/20/08 17:44:16
6_2b.asm						     Symbols 2 - 1




Segments and Groups:

                N a m e                 Size     Length   Align   Combine Class

code . . . . . . . . . . . . . .	16 Bit	 009B	  Para	  Private 
data . . . . . . . . . . . . . .	16 Bit	 0018	  Para	  Private 


Procedures,  parameters and locals:

                N a m e                 Type     Value    Attr

main . . . . . . . . . . . . . .	P Near	 0000	  code	Length= 009B Public
  init . . . . . . . . . . . . .	L Near	 0000	  code	
  start  . . . . . . . . . . . .	L Near	 000B	  code	
  endian . . . . . . . . . . . .	L Near	 006A	  code	
  shi  . . . . . . . . . . . . .	L Near	 0096	  code	


Symbols:

                N a m e                 Type     Value    Attr

rez  . . . . . . . . . . . . . .	Word	 0008	  data	
save . . . . . . . . . . . . . .	Word	 0010	  data	
vara . . . . . . . . . . . . . .	Word	 0000	  data	
varb . . . . . . . . . . . . . .	Word	 0004	  data	

	   0 Warnings
	   0 Errors
