Microsoft (R) Macro Assembler Version 6.11d		    10/20/08 19:54:45
6_2c.asm						     Page 1 - 1


				; PROGRAM: 6_1a.ASM
				;
				; AUTHOR: Calvin O. Ference
				;
				; DESCRIPTION:  Multiplication program
				; 
				; 

				        ASSUME	cs:code, ds:data

 0000				code    SEGMENT
 0000				main    PROC    
 0000  B8 ---- R		init:	mov	ax,data
 0003  8E D8					mov	ds,ax
 0005  B9 0000					mov	cx,0
 0008  BA 0000					mov dx,0
						
 000B  A1 0002 R		start:	mov	ax,vara+2
 000E  8B 1E 0006 R				mov	bx,varb+2
 0012  F7 E3					mul	bx			;bleh i hope this time it'll work
 0014  A3 000E R				mov	rez+6,ax	; Result 1
 0017  89 16 0010 R				mov	save,dx		;A1 (note these are reference markers on notes)
						
 001B  A1 0000 R				mov	ax,vara
 001E  F7 E3					mul	bx
 0020  89 16 0012 R				mov	save+2,dx	;A2
 0024  A3 0014 R				mov	save+4,ax	;B2
						
 0027  A1 0002 R				mov	ax,vara+2
 002A  8B 1E 0004 R				mov	bx,varb
 002E  F7 E3					mul	bx
						
 0030  03 06 0010 R				add	ax,save
 0034  83 16 0014 R 00				adc	save+4,0
 0039  A1 000C R				mov	ax,rez+4	;Result 2
						
 003C  03 16 0014 R				add	dx,save+4
 0040  83 16 0012 R 00				adc	save+2,0
						
 0045  B8 4C00			shi:	mov	ax,4c00h
 0048  CD 21					int	21h
 004A				main	ENDP
 004A				code	ENDS
						
						
 0000				data	SEGMENT
 0000 FFFF FFFF			vara	dw	0ffffh,0ffffh
 0004 00FF FFFF			varb	dw	00ffh,0ffffh
 0008 0000 0000 0000 0000	rez		dw	0,0,0,0
 0010 0000 0000 0000 0000	save	dw	0,0,0,0
 0018				data	ENDS

						END
Microsoft (R) Macro Assembler Version 6.11d		    10/20/08 19:54:45
6_2c.asm						     Symbols 2 - 1




Segments and Groups:

                N a m e                 Size     Length   Align   Combine Class

code . . . . . . . . . . . . . .	16 Bit	 004A	  Para	  Private 
data . . . . . . . . . . . . . .	16 Bit	 0018	  Para	  Private 


Procedures,  parameters and locals:

                N a m e                 Type     Value    Attr

main . . . . . . . . . . . . . .	P Near	 0000	  code	Length= 004A Public
  init . . . . . . . . . . . . .	L Near	 0000	  code	
  start  . . . . . . . . . . . .	L Near	 000B	  code	
  shi  . . . . . . . . . . . . .	L Near	 0045	  code	


Symbols:

                N a m e                 Type     Value    Attr

rez  . . . . . . . . . . . . . .	Word	 0008	  data	
save . . . . . . . . . . . . . .	Word	 0010	  data	
vara . . . . . . . . . . . . . .	Word	 0000	  data	
varb . . . . . . . . . . . . . .	Word	 0004	  data	

	   0 Warnings
	   0 Errors
