Microsoft (R) Macro Assembler Version 6.11d		    10/20/08 18:55:04
6_3.asm							     Page 1 - 1


				; PROGRAM: 6_3.ASM
				;
				; AUTHOR: Calvin O. Ference
				;
				; DESCRIPTION:  Multiplication program
				; 
				; 

				        ASSUME	cs:code, ds:data

 0000				code    SEGMENT
 0000				main    PROC    
 0000  B8 ---- R		init:	mov	ax,data
 0003  8E D8					mov	ds,ax
 0005  B8 0000					mov ax,0
 0008  BB 0000					mov	bx,0		;making sure they are all zeros

 000B  A0 0001 R		start:		mov al,varb
 000E  04 03					add al,3
 0010  80 D4 00					adc ah,0
 0013  8A 1E 0000 R				mov bl,vara
 0017  F7 E3					mul bx
 0019  BB 000F					mov bx,000fh
 001C  F7 E3					mul bx
 001E  83 E8 08					sub ax,8
 0021  A3 0002 R				mov rez,ax

						
 0024  B8 4C00			shi:	mov	ax,4c00h
 0027  CD 21					int	21h
 0029				main	ENDP
 0029				code	ENDS
						
						
 0000				data	SEGMENT
 0000 19			vara	db	19h
 0001 4B			varb	db	4Bh
 0002 0000			rez		dw	0
 0004				data	ENDS

						END
Microsoft (R) Macro Assembler Version 6.11d		    10/20/08 18:55:04
6_3.asm							     Symbols 2 - 1




Segments and Groups:

                N a m e                 Size     Length   Align   Combine Class

code . . . . . . . . . . . . . .	16 Bit	 0029	  Para	  Private 
data . . . . . . . . . . . . . .	16 Bit	 0004	  Para	  Private 


Procedures,  parameters and locals:

                N a m e                 Type     Value    Attr

main . . . . . . . . . . . . . .	P Near	 0000	  code	Length= 0029 Public
  init . . . . . . . . . . . . .	L Near	 0000	  code	
  start  . . . . . . . . . . . .	L Near	 000B	  code	
  shi  . . . . . . . . . . . . .	L Near	 0024	  code	


Symbols:

                N a m e                 Type     Value    Attr

rez  . . . . . . . . . . . . . .	Word	 0002	  data	
vara . . . . . . . . . . . . . .	Byte	 0000	  data	
varb . . . . . . . . . . . . . .	Byte	 0001	  data	

	   0 Warnings
	   0 Errors
